[    0.000000] Linux version 4.15.0-72-generic (buildd@lcy01-amd64-026) (gcc version 7.4.0 (Ubuntu 7.4.0-1ubuntu1~18.04.1)) #81-Ubuntu SMP Tue Nov 26 12:20:02 UTC 2019 (Ubuntu 4.15.0-72.81-generic 4.15.18)
[    0.000000] Command line: BOOT_IMAGE=/boot/vmlinuz-4.15.0-72-generic root=LABEL=cloudimg-rootfs ro console=tty1 console=ttyS0
[    0.000000] KERNEL supported cpus:
[    0.000000]   Intel GenuineIntel
[    0.000000]   AMD AuthenticAMD
[    0.000000]   Centaur CentaurHauls
[    0.000000] x86/fpu: Supporting XSAVE feature 0x001: 'x87 floating point registers'
[    0.000000] x86/fpu: Supporting XSAVE feature 0x002: 'SSE registers'
[    0.000000] x86/fpu: Supporting XSAVE feature 0x004: 'AVX registers'
[    0.000000] x86/fpu: xstate_offset[2]:576, xstate_sizes[2]:  256
[    0.000000] x86/fpu: Enabled xstate features 0x7, context size is 832 bytes, using 'standard' format.
[    0.000000] e820: BIOS-provided physical RAM map:
[    0.000000] BIOS-e820: [mem 0x0000000000000000-0x000000000009fbff] usable
[    0.000000] BIOS-e820: [mem 0x000000000009fc00-0x000000000009ffff] reserved
[    0.000000] BIOS-e820: [mem 0000000000000x00000000000fffff] reserved
[    0.000000] BIOS-e820: [mem 0x0000000000100000-0x000000003ffeffff] usable
[    0.000000] BIOS-e820: [mem 0x000000003fff0000-0x000000003fffffff] ACPI data
[    0.000000] BIOS-e820: [mem 0x00000000fec00000-0x00000000fec00fff] reserved
[    0.000000] BIOS-e820: [mem 0x00000000fee00000-0x00000000fee00fff] reserved
[    0.000000] BIOS-e820: [mem 0x00000000fffc0000-0x00000000ffffffff] reserved
[    0.000000] NX (Execute Disable) protection: active
[    0.000000] SMBIOS 2.5 present.
[    0.000000] DMI: innotek GmbH VirtualBox/VirtualBox, BIOS VirtualBox 12/01/2006
[    0.000000] Hypervisor detected: KVM
[    0.000000] e820: last_pfn = 0x3fff0 max_ar_pfn 0x400000
[  0.000000] MTRR: Disabled
[  0.0000] x86/PAT: MTRRs disabled, skipping PAT initialization too.
[    0.000000] CPU MTRRs all blank - virtualized system.
[  0.0000]86/P: Coigurion -7]:   WT  UC- UC  WB  WT  UC- UC  
[    0.000000] found SMP MP-table at [mem 0x0009fff0-0x0009ffff]
[    0.000000] Scanning 1 areas for low memory corruption
[    0.000000] RAMDISK: [mem 0x35a71000-0x36d2ffff]
[    0.000000] ACPI: Early table checksum verification disabled
[    0.000000] ACPI: RSDP 0x00000000000E0000 000024 (v002 VBOX  )
[    0.000000] ACPI: XSDT 0x000000003FFF0030 00003C (v01 VBOX   VBOXXSDT 00000001 ASL  00000061)
[    0.000000] ACPI: FACP 0x000000003FFF00F0 0000F4 (v04 VBOX   VBOXFACP 00000001 ASL  00000061)
[    0.000000] ACPI: DSDT 0x000000003FFF0470 0021FF (v02 VBOX   VBOXBIOS 00000002 INTL 20100528)
[    0.000000] ACPI: FACS 0x000000003FFF0200 000040
[    0.000000] ACPI: FACS 0x000000003FFF0200 000040
[    0.000000] ACPI: APIC 0x000000003FFF0240 00005C (v02 VBOX   VBOXAPIC 00000001 ASL  00000061)
[    0.000000] ACPI: SSDT 0x000000003FFF02A0 0001CC (v01 VBOX   VBOXCPUT 00000002 INTL 20100528)
[    0.000000] No NUMA configuration found
[    0.000000] Faking a node at [mem 0x0000000000000000-0x000000003ffeffff]
[    0.000000] NODE_DATA(0) allocated [mem 0x3ffc5000-0x3ffeffff]
[  0.000000] kvm-clock: cpu 0, msr 0:3ff44001, primary cpu clock
[    0.000000] kvmlockUsing rs 464d01 d 4b4d00
[  0.0000] kvm-clock: using sched offset of 3754402735 cycles
[  0.000000] clocksource: kvm-clock: mask: 0xffffffffffffffff max_cycles: 0x1cd42e4dffb, max_idle_ns: 881590591483 ns
[    0.000000] Zone ranges:
[    0.000000]   DMA      [mem 0x0000000000001000-0x0000000000ffffff]
[  0.000000]   DMA32    [mem 0x00000000010000-0x000000003ffeffff]
[    0.000000]   Normal   empty
[    0.000000]   Device   empty
[    0.000000] Movable zone start for each node
[    0.000000] Early memory node ranges
[    0.000000]   node   0: [mem 0x0000000000001000-0x000000000009efff]
[    0.000000]   node   0: [mem 0x0000000000100000-0x000000003ffeffff]
[    0.000000] Reserved but unavailable: 98 pages
[    0.000000] Initmem setup node 0 [mem 0x0000000000001000-0x000000003ffeffff]
[    0.000000] ACPI: PM-Timer IO Port: 0x4008
[    0.000000] IOAPIC[0]: apic_id 2, versn 32addres0xfec000,GS 0-2
[   00000] AC: INTRC_OVR (b 0 b_irq glol_ir2 dfdfl)
[  0.000000] ACPI: INT_SRC_OVR (bus 0 bus_irq 9 global_irq 9 low level)
[    0.0000] ing PI (DT) foSMP confuratn inrmation
[  0.0000] smpboot: Allowing 2 CPUs, 0 hotplug CPUs
[    0.000000] PM: Registered nosave memory: [mem 0x00000000-0x00000fff]
[    0.000000] PM: Registered nosave memory: [mem 0x0009f000-0x0009ffff]
[   .000000] PM: Registered nosave memory: [mem 0x000a0000-0x000effff]
[    0.0000]M: Risted nove memory: [mem 0x000f0000-0x000fffff]
[  0.0000] e820: [mem 0x40000000-0xfebfffff] available for PCI devices
[  0.000000] Bootingaravirtualized kernel on KVM
[    0.000000] clocksource: refined-jiffies: mask: 0xffffffff max_cycles: 0xffffffff, max_idle_ns: 7645519600211568 ns
[    0.000000] random: get_random_bytes called from start_kernel+0x99/0x4fd with crng_init=0
[    0.000000] setup_percpu: NR_CPUS:8192 nr_cpumask_bits:2 nr_cpu_id2 nr_de_i:1
   0.000000perc: Embedded 45 pages/cpu s1456 r92 d28672 u1048576
[  0.0000]V qsnlock hash table entries: 256 (order: 0, 4096 bytes)
[   .000000] Built 1 zonelists, mobility grouping on.  Total pages: 257913
[    0.000000] Poli zon DMA3
[  0.000000] Kernel command line: BOOT_IMAGE=/boot/vmnuz-45.0-72-generic root=LABEL=cloudimg-rtfs ro console=tty1 console=ttyS0
[  0.00000] Memory: 983400K/1048120K available (12300K kernel code, 2481K rwdata, 4264K rodata, 2428K init, 2388K bss, 64720K reserved, 0K cma-reserved)
[    0.000000] SLUB: HWalign=64, Order=0-3, nObjts=0CPUs, Nod=1
   0.000000] Kernel/User page tables isolation: enabled
[   .0000] face:llocing 318 enies i154 pages
[  0.0000]ierahical RCUmpleenation.
[    0.004000] 	R restrtingPUs om NR_CPUS=8192 to nr_cpu_ids=2.
[    0.004000] 	Tasks RCU enabled.
[    0.004000] RCU: Adjusting geometry for rcu_fanout_leaf=16, nr_cpu_ids=2
[    0.004000] NR_IRQS: 524544, nr_irqs: 440, preallocated irqs: 16
[    0.004000] Console: colour VG 80x25
[    0.004000] console [tty1] enabled
[    0.004000] console [ttyS0] enabled
[    0.004000] ACPI: Core revision 20170831
[    0.004000] ACPI: 2 ACPI AML tables successfully acquired and loaded
[    0.004000] APIC: Switch to symmetric I/O mode setup
[    0.004000] x2apic enabled
[    0.004000] Switched APIC routing to physical x2apic.
[    0.004000] ..TIMER: vector=0x30 apic1=0 pin1=2 apic2=-1 pin2=-1
[    0.004003] tsc: Detected 2400.002 MHz processor
[    0.004800] Calibrating delay lop (skipped) preset value.. 4800.00 BogoMIPS (lpj=9600008)
[    0.008005] pid_max: default: 32768 minimum: 301
[    0.008850] Security Framework initialized
[    0.012002] Yama: becoming mindful.
[    0.012670] AppArmor: AppArmor initialized
[    0.016032] Dentry cache hash table entries: 131072 (order: 8, 1048576 bytes)
[    0.017303] Inode-cache hash table entries: 65536 (order: 7, 524288 bytes)
[    0.018470] Mount-cache hash table entries: 2048 (order: 2, 16384 bytes)
[    0.020004] Mountpoint-cache hash table entries: 2048 (order: 2, 16384 bytes)
[    0.021383] Last level iTLB entries: 4KB 64, 2MB 8, 4MB 8
[    0.024002] Last level dTLB entries: 4KB 64, 2MB 0, 4MB 0, 1GB 4
[    0.025122] Spectre V1 : Mitigation: usercopy/swapgs barriers and __user pointer sanitization
[    0.028002] Spectre V2 : Mitigation: Full generic retpoline
[    0.032003] Spectre V2 : Spectre v2 / SpectreRSB mitigation: Filling RSB on context switch
[    0.036002] Speculative Store Bypass: Vulnerable
[    0.036951] MDS: Mitigation: Clear CPU buffers
[    0.040177] Freeing SMP alternatives memory: 36K
[    0.156720] smpboot: CPU0: Intel(R) Core(TM) i5-9300H CPU @ 2.40GHz (family: 0x6, model: 0x9e, stepping: 0xa)
[    0.160070] Performance Events: unsupported p6 CPU model 158 no PMU driver, software events only.
[    0.164031] Hierarchical SRCU implementation.
[    0.168470] NMI watchdog: Perf event create on CPU 0 failed with -2
[    0.172004] NMI watchdog: Perf NMI watchdog permanently disabled
[    0.176069] smp: Bringing up secondary CPUs ...
[    0.180076] x86: Booting SMP configuration:
[    0.180818] .... node  #0, CPUs:      #1
[    0.004000] kvm-clock: cpu 1, msr 0:3ff44041, secondary cpu clock
[    0.314641] smp: Brought up 1 node, 2 CPUs
[    0.314641] smpboot: Max logical packages: 1
[    0.316004] smpboot: Total of 2 processors activated (9600.00 BogoMIPS)
[    0.317268] devtmpfs: initialized
[    0.317268] x86/mm: Memory block size: 128MB
[    0.317627] evm: security.selinux
[    0.318251] evm: security.SMACK64
[    0.320002] evm: security.SMACK64EXEC
[    0.320721] evm: security.SMACK64TRANSMUTE
[    0.321495] evm: security.SMACK64MMAP
[    0.322188] evm: security.apparmor
[    0.324002] evm: security.ima
[    0.328003] evm: security.capability
[    0.332080] clocksource: jiffies: mask: 0xffffffff max_cycles: 0xffffffff, max_idle_ns: 7645041785100000 ns
[    0.336010] futex hash table entries: 512 (order: 3, 32768 bytes)
[    0.344019] pinctrl core: initialized pinctrl subsystem
[    0.345035] RTC time:  7:50:43, date: 12/16/19
[    0.348118] NET: Registered protocol family 16
[    0.352071] audit: initializing netlink subsys (disabled)
[    0.356025] audit: type=2000 audit(1576482641.558:1): state=initialized audit_enabled=0 res=1
[    0.408006] cpuidle: using governor ladder
[    0.408923] cpuidle: using governor menu
[    0.412046] ACPI: bus type PCI registered
[    0.416004] acpiphp: ACPI Hot Plug PCI Controller Driver version: 0.5
[    0.420099] PCI: Using configuration type 1 for base access
[    0.424928] HugeTLB registered 2.00 MiB page size, pre-allocated 0 pages
[    0.428075] ACPI: Added _OSI(Module Device)
[    0.432005] ACPI: Added _OSI(Processor Device)
[    0.436005] ACPI: Added _OSI(3.0 _SCP Extensions)
[    0.440004] ACPI: Added _OSI(Processor Aggregator Device)
[    0.444006] ACPI: Added _OSI(Linux-Dell-Video)
[    0.448005] ACPI: Added _OSI(Linux-Lenovo-NV-HDMI-Audio)
[    0.448947] ACPI: Added _OSI(Linux-HPI-Hybrid-Graphics)
[    0.452258] ACPI: Executed 1 blocks of module-level executable AML code
[    0.456871] ACPI: Interpreter enabled
[    0.457590] ACPI: (supports S0 S5)
[    0.458219] ACPI: Using IOAPIC for interrupt routing
[    0.460237] PCI: Using host bridge windows from ACPI; if necessary, use "pci=nocrs" and report a bug
[    0.461982] ACPI: Enabled 2 GPEs in block 00 to 07
[    0.470977] ACPI: PCI Root Bridge [PCI0] (domain 0000 [bus 00-ff])
[    0.472013] acpi PNP0A03:00: _OSC: OS supports [ASPM ClockPM Segments MSI]
[    0.476032] acpi PNP0A03:00: _OSC: not requesting OS control; OS requires [ExtendedConfig ASPM ClockPM MSI]
[    0.477738] acpi PNP0A03:00: fail to add MMCONFIG information, can't access extended PCI configuration space under this bridge.
[    0.480335] PCI host bridge to bus 0000:00
[    0.484002] pci_bus 0000:00: root bus resource [io  0x0000-0x0cf7 window]
[    0.485130] pci_bus 0000:00: root bus resource [io  0x0d00-0xffff window]
[    0.488003] pci_bus 0000:00: root bus resource [mem 0x000a0000-0x000bffff window]
[    0.492002] pci_bus 0000:00: root bus resource [mem 0x40000000-0xfdffffff window]
[    0.496006] pci_bus 0000:00: root bus resource [bus 00-ff]
[    0.498790] pci 0000:00:01.1: legacy IDE quirk: reg 0x10: [io  0x01f0-0x01f7]
[    0.500005] pci 0000:00:01.1: legacy IDE quirk: reg 0x14: [io  0x03f6]
[    0.501118] pci 0000:00:01.1: legacy IDE quirk: reg 0x18: [io  0x0170-0x0177]
[    0.504005] pci 0000:00:01.1: legacy IDE quirk: reg 0x1c: [io  0x0376]
[    0.520985] pci 0000:00:07.0: quirk: [io  0x4000-0x403f] claimed by PIIX4 ACPI
[    0.524015] pci 0000:00:07.0: quirk: [io  0x4100-0x410f] claimed by PIIX4 SMB
[    0.533473] ACPI: PCI Interrupt Link [LNKA] (IRQs 5 9 10 *11)
[    0.536344] ACPI: PCI Interrupt Link [LNKB] (IRQs 5 9 *10 11)
[    0.544028] ACPI: PCI Interrupt Link [LNKC] (IRQs 5 *9 10 11)
[    0.548168] ACPI: PCI Interrupt Link [LNKD] (IRQs 5 9 10 *11)
[    0.552297] SCSI subsystem initialized
[    0.556039] pci 0000:00:02.0: vgaarb: setting as boot VGA device
[    0.560000] pci 0000:00:02.0: vgaarb: VGA device added: decodes=io+mem,owns=io+mem,locks=none
[    0.560007] pci 0000:00:02.0: vgaarb: bridge control possible
[    0.564002] vgaarb: loaded
[    0.564587] ACPI: bus type USB registered
[    0.565340] usbcore: registered new interface driver usbfs
[    0.568009] usbcore: registered new interface driver hub
[    0.572019] usbcore: registered new device driver usb
[    0.576047] EDAC MC: Ver: 3.0.0
[    0.580237] PCI: Using ACPI for IRQ routing
[    0.584278] NetLabel: Initializing
[    0.588004] NetLabel:  domain hash size = 128
[    0.592004] NetLabel:  protocols = UNLABELED CIPSOv4 CALIPSO
[    0.592990] NetLabel:  unlabeled traffic allowed by default
[    0.596067] clocksource: Switched to clocksource kvm-clock
[    0.619931] VFS: Disk quotas dquot_6.6.0
[    0.620764] VFS: Dquot-cache hash table entries: 512 (order 0, 4096 bytes)  0.42] pAorAprm Fesystem Enabled
[    1.090542] pnp: PnP ACPI init
[    1.092127] pnp: PnP ACPI: found 3 devices

[  1102531]losoce: pim:as 0fff max_cycles: ffffmax_idle_ns: 2085701024 ns
[    1.747566] NET: Registered protocol family 2
[[    1.748463] TCP established hash table entries81 (de 4656 te
[    2.112707] TCP bind hash table entries: 8192 (order: 5, 131072 bytes)
[    2.123148] TCP: Hash tables configured (established 8192 bind 8192)
[    2.124260] UDP hash table entries: 512 (order: 2, 16384 bytes)
[    2.125304] UDP-Lite hash table entries: 512 (order: 2, 16384 bytes)
[  2.126399] NET: Register ptol amil1    2.417051] pci 0000:00:00.0: Limiting direct PCI/PCI transfers
[    2.462713] pci 0000:00:01.0: Activating ISA DMA hang workarounds
[    2.463764] pci 0000:00:02.0: Vio vi wh adowed ROM at [mem 0x000000x0dff][  2109]npki itramfs...
[    3.588351] Freeing initrd memory: 19196K
[    3.589249] clocksource: tsc: mask: 0xffffffffffffffff max_cycles: 0x22983938a92, max_idle_ns: 440795216168 ns
[    3.591077] platform rtc_cmos: registered platform RTC device (no PNP device found)
[    3.631872] Scanning for low memory corruption every 60 seconds
[    3.784790] Initialise system trusted keyrings
[    3.799063] Key type blacklist registered
[    3.799961] workingset: timestamp_bits=36 max_order=18 bucket_order=0
[    3.802096] zbud: loaded
[    3.803083] squashfs: version 4.0 (2009/01/31) Phillip Lougher
[    3.837321] fuse init (API version 7.26)
[    3.974981] Key type asymmetric registered
[    3.975739] Asymmetric key parser 'x509' registered
[    4.066409] Block layer SCSI generic (bsg) driver version 0.4 loaded (major 246)
[    4.073828] io scheduler noop registered
[    4.138600] io scheduler deadline registered
[    4.139495] io scheduler cfq registered (default)
[    4.179249] ACPI: AC Adapter [AC] (on-line)
[    4.180066] input: Power Button as /devices/LNXSYSTM:00/LNXPWRBN:00/input/input0
[    4.181470] ACPI: Power Button [PWRF]
[    4.182225] input: Sleep Button as /devices/LNXSYSTM:00/LNXSLPBN:00/input/input1
[    4.183568] ACPI: Sleep Button [SLPF]
[    4.185227] ACPI: Battery Slot [BAT0] (battery present)
[    4.186278] Serial: 8250/16550 driver, 32 ports, IRQ sharing enabled
[    4.250318] 00:02: ttyS0 at I/O 0x3f8 (irq = 4, base_baud = 115200) is a 16550A
[    4.255090] Linux agpgart interface v0.103
[    4.257381] loop: module loaded
[    4.258452] scsi host0: ata_piix
[    4.259191] scsi host1: ata_piix
[    4.279550] ata1: PATA max UDMA/33 cmd 0x1f0 ctl 0x3f6 bmdma 0xd000 irq 14
[    4.294504] ata2: PATA max UDMA/33 cmd 0x170 ctl 0x376 bmdma 0xd008 irq 15
[    4.295746] libphy: Fixed MDIO Bus: probed
[    4.296530] tun: Universal TUN/TAP device driver, 1.6
[    4.303887] PPP generic driver version 2.4.2
[    4.331387] ehci_hcd: USB 2.0 'Enhanced' Host Controller (EHCI) Driver
[    4.377670] ehci-pci: EHCI PCI platform driver
[    4.378498] ehci-platform: EHCI generic platform driver
[    4.379438] ohci_hcd: USB 1.1 'Open' Host Controller (OHCI) Driver
[    4.380522] ohci-pci: OHCI PCI platform driver
[    4.381327] ohci-platform: OHCI generic platform driver
[    4.382243] uhci_hcd: USB Universal Host Controller Interface driver
[    4.383422] i8042: PNP: PS/2 Controller [PNP0303:PS2K,PNP0f03:PS2M] at 0x60,0x64 irq 1,12
[    4.385317] serio: i8042 KBD port at 0x60,0x64 irq 1
[    4.386236] serio: i8042 AUX port at 0x60,0x64 irq 12
[    4.387428] mousedev: PS/2 mouse device common for all mice
[    4.451735] rtc_cmos rtc_cmos: rtc core: registered rtc_cmos as rtc0
[    4.479148] input: AT Translated Set 2 keyboard as /devices/platform/i8042/serio0/input/input2
[    4.480086] rtc_cmos rtc_cmos: alarms up to one day, 114 bytes nvram
[    4.481897] i2c /dev entries driver
[    4.482600] device-mapper: uevent: version 1.0.3
[    4.489439] device-mapper: ioctl: 4.37.0-ioctl (2017-09-20) initialised: dm-devel@redhat.com
[    4.491015] ledtrig-cpu: registered to indicate activity on CPUs
[    4.492598] NET: Registered protocol family 10
[    4.496359] Segment Routing with IPv6
[    4.511605] NET: Registered protocol family 17
[    4.512489] Key type dns_resolver registered
[    4.513494] mce: Using 0 MCE banks
[    4.514168] RAS: Correctable Errors collector initialized.
[    4.515144] sched_clock: Marking stable (4513470290, 0)->(13406173929, -8892703639)
[    4.549476] registered taskstats version 1
[    4.652145] Loading compiled-in X.509 certificates
[    4.669428] Loaded X.509 cert 'Build time autogenerated kernel key: f4f7241365689b0cbe3898188e65e316fd8f978d'
[    4.694169] zswap: loaded using pool lzo/zbud
[    4.790812] Key type big_key registered
[    4.857833] Key type trusted registered
[    4.866432] Key type encrypted registered
[    4.867307] AppArmor: AppArmor sha1 policy hashing enabled
[    4.868470] ima: No TPM chip found, activating TPM-bypass! (rc=-19)
[    4.877098] ima: Allocated hash algorithm: sha1
[    4.877904] evm: HMAC attrs: 0x1
[    4.884593]   Magic number: 15:766:824
[    4.958428] rtc_cmos rtc_cmos: setting system clock to 2019-12-16 07:50:49 UTC (1576482649)
[    5.128000] BIOS EDD facility v0.16 2004-Jun-25, 0 devices found
[    5.129289] EDD information not available.
[    5.214546] Freeing unused kernel image memory: 2428K
[    5.251312] Write protecting the kernel read-only data: 20480k
[    5.282109] Freeing unused kernel image memory: 2008K
[    5.298200] Freeing unused kernel image memory: 1880K
[    5.322737] x86/mm: Checked W+X mappings: passed, no W+X pages found.
[    5.354417] x86/mm: Checking user space page tables
[    5.420855] x86/mm: Checked W+X mappings: passed, no W+X pages found.
Loading, please wait...
starting version 237
[    5.531401] Fusion MPT base driver 3.04.20
[    5.556892] e1000: Intel(R) PRO/1000 Network Driver - version 7.3.21-k8-NAPI
[    5.571552] Copyright (c) 1999-2008 LSI Corporation
[    5.572772] e1000: Copyright (c) 1999-2006 Intel Corporation.
[    5.581746] Fusion MPT SPI Host driver 3.04.20
[    5.589835] mptbase: ioc0: Initiating bringup
[    5.590979] AVX2 version of gcm_enc/dec engaged.
[    5.591901] AES CTR mode by8 optimization enabled
[    5.688292] ioc0: LSI53C1030 A0: Capabilities={Initiator}
[    5.844660] input: ImExPS/2 Generic Explorer Mouse as /devices/platform/i8042/serio1/input/input4
[    6.703043] scsi host2: ioc0: LSI53C1030 A0, FwRev=00000000h, Ports=1, MaxQ=256, IRQ=20
[    7.697003] scsi 2:0:0:0: Direct-Access     VBOX     HARDDISK         1.0  PQ: 0 ANSI: 5
[    8.036426] scsi target2:0:0: Beginning Domain Validation
[    8.048260] scsi target2:0:0: Domain Validation skipping write tests
[    8.073402] e1000 0000:00:03.0 eth0: (PCI:33MHz:32-bit) 02:98:c1:50:7a:e3
[    8.075191] scsi target2:0:0: Ending Domain Validation
[    8.098736] e1000 0000:00:03.0 eth0: Intel(R) PRO/1000 Network Connection
[    8.108042] scsi target2:0:0: asynchronous
[    8.109460] scsi 2:0:1:0: Direct-Access     VBOX     HARDDISK         1.0  PQ: 0 ANSI: 5
[    8.152095] scsi target2:0:1: Beginning Domain Validation
[    8.154410] random: fast init done
[    8.175927] scsi target2:0:1: Domain Validation skipping write tests
[    8.182444] scsi target2:0:1: Ending Domain Validation
[    8.183502] scsi target2:0:1: asynchronous
[    8.187599] random: systemd-udevd: uninitialized urandom read (16 bytes read)
[    8.188880] random: systemd-udevd: uninitialized urandom read (16 bytes read)
[    8.190197] random: systemd-udevd: uninitialized urandom read (16 bytes read)
[    8.235117] sd 2:0:0:0: [sda] 20971520 512-byte logical blocks: (10.7 GB/10.0 GiB)
[    8.379479] sd 2:0:0:0: Attached scsi generic sg0 type 0
[    8.407371] sd 2:0:0:0: [sda] Write Protect is off
[    8.461090] sd 2:0:1:0: Attached scsi generic sg1 type 0
[    8.462382] sd 2:0:1:0: [sdb] 20480 512-byte logical blocks: (10.5 MB/10.0 MiB)
[    8.464846] sd 2:0:0:0: [sda] Incomplete mode parameter data
[    9.700549] sd 2:0:0:0: [sda] Assuming drive cache: write through
[    9.729222] sd 2:0:1:0: [sdb] Write Protect is off
[    9.732480]  sda: sda1
[    9.832072] sd 2:0:1:0: [sdb] Incomplete mode parameter data
[    9.844798] e1000 0000:00:08.0 eth1: (PCI:33MHz:32-bit) 08:00:27:21:ab:01
[    9.871746] sd 2:0:1:0: [sdb] Assuming drive cache: write through
[   10.059932] e1000 0000:00:08.0 eth1: Intel(R) PRO/1000 Network Connection
[   10.162130] e1000 0000:00:03.0 enp0s3: renamed from eth0
[   10.163239] sd 2:0:0:0: [sda] Attached SCSI disk
[   10.171053] sd 2:0:1:0: [sdb] Attached SCSI disk
[   10.180172] e1000 0000:00:08.0 enp0s8: renamed from eth1
Begin: Loading essential drivers ... [   11.748045] raid6: sse2x1   gen() 12876 MB/s
[   11.800255] raid6: sse2x1   xor()  9663 MB/s
[   11.884177] raid6: sse2x2   gen() 16273 MB/s
[   12.036457] raid6: sse2x2   xor() 11446 MB/s
[   12.172330] raid6: sse2x4   gen() 19306 MB/s
[   12.268449] raid6: sse2x4   xor() 11723 MB/s
[   12.320178] raid6: avx2x1   gen() 27280 MB/s
[   12.380218] raid6: avx2x1   xor() 18955 MB/s
[   12.460223] raid6: avx2x2   gen() 29685 MB/s
[   12.508089] raid6: avx2x2   xor() 19564 MB/s
[   12.556356] raid6: avx2x4   gen() 37954 MB/s
[   12.696051] raid6: avx2x4   xor() 23346 MB/s
[   12.740543] raid6: using algorithm avx2x4 gen() 37954 MB/s
[   12.741521] raid6: .... xor() 23346 MB/s, rmw enabled
[   12.742401] raid6: using avx2x2 recovery algorithm
[   12.744307] xor: automatically using best checksumming function   avx       
[   12.843768] async_tx: api initialized (async)
done.
Begin: Running /scripts/init-p[   12.973482] Btrfs loaded, crc32c=crc32c-intel
remount ... done.
Begin: Mounting root file system ... Begin: Running /scripts/local-top ... done.
Begin: Running /scripts/local-premount ... Scanning for Btrfs filesystems
done.
Warning: fsck not present, so skipping root file system
[   13.092644] EXT4-fs (sda1): INFO: recovery required on readonly filesystem
[   13.093913] EXT4-fs (sda1): write access will be enabled during recovery
[   13.117977] EXT4-fs (sda1): recovery complete
[   13.119215] EXT4-fs (sda1): mounted filesystem with ordered data mode. Opts: (null)
done.
Begin: Running /scripts/local-bottom ... done.
Begin: Running /scripts/init-bottom ... done.
[   13.275313] ip_tables: (C) 2000-2006 Netfilter Core Team
[   13.283171] systemd[1]: systemd 237 running in system mode. (+PAM +AUDIT +SELINUX +IMA +APPARMOR +SMACK +SYSVINIT +UTMP +LIBCRYPTSETUP +GCRYPT +GNUTLS +ACL +XZ +LZ4 +SECCOMP +BLKID +ELFUTILS +KMOD -IDN2 +IDN -PCRE2 default-hierarchy=hybrid)
[   13.382684] systemd[1]: Detected virtualization oracle.
[   13.467334] systemd[1]: Detected architecture x86-64.

Welcome to [1mUbuntu 18.04.3 LTS[0m!

[   13.521074] systemd[1]: Set hostname to <ubuntu-bionic>.
[   13.781866] systemd[1]: Set up automount Arbitrary Executable File Formats File System Automount Point.
[[0;32m  OK  [0m] Set up automount Arbitrary Executabâ€¦rmats File System Automount Point.
[   13.786425] systemd[1]: Created slice System Slice.
[[0;32m  OK  [0m] Created slice System Slice.
[   13.790445] systemd[1]: Listening on Journal Socket (/dev/log).
[[0;32m  OK  [0m] Listening on Journal Socket (/dev/log).
[   13.792995] systemd[1]: Created slice system-serial\x2dgetty.slice.
[[0;32m  OK  [0m] Created slice system-serial\x2dgetty.slice.
[   13.795713] systemd[1]: Listening on Device-mapper event daemon FIFOs.
[[0;32m  OK  [0m] Listening on Device-mapper event daemon FIFOs.
[   13.798294] systemd[1]: Listening on LVM2 metadata daemon socket.
[[0;32m  OK  [0m] Listening on LVM2 metadata daemon socket.
[[0;32m  OK  [0m] Reached target System Time Synchronized.
[[0;32m  OK  [0m] Created slice User and Session Slice.
[[0;32m  OK  [0m] Listening on Journal Socket.
         Starting Load Ke[   14.019386] Loading iSCSI transport class v2.0-870.
rnel Modules...[   14.130875] iscsi: registered transport (tcp)

         Startin[   14.289612] iscsi: registered transport (iser)
g Create list of required stâ€¦ce nodes for the current kernel...
         Starting Set the console keyboard layout...
[[0;32m  OK  [0m] Listening on Syslog Socket.
[[0;32m  OK  [0m] Listening on Network Service Netlink Socket.
         Starting Monitoring of LVM2 mirrorsâ€¦ng dmeventd or progress polling...
[[0;32m  OK  [0m] Reached target Slices.
[[0;32m  OK  [0m] Listening on LVM2 poll daemon socket.
[[0;32m  OK  [0m] Reached target Swap.
         Starting Remount[   14.765026] EXT4-fs (sda1): re-mounted. Opts: (null)
 Root and Kernel[   14.881121] random: crng init done
 File Systems...[   14.957977] random: 7 urandom warning(s) missed due to ratelimiting

[[0;32m  OK  [0m] Reached target User and Group Name Lookups.
[[0;32m  OK  [0m] Listening on udev Kernel Socket.
[[0;32m  OK  [0m] Started Forward Password Requests to Wall Directory Watch.
         Mounting POSIX Message Queue File System...
         Starting Uncomplicated firewall...
         Mounting Kernel Debug File System...
[[0;32m  OK  [0m] Listening on udev Control Socket.
         Starting udev Coldplug all Devices...
[[0;32m  OK  [0m] Listening on Journal Audit Socket.
         Starting Journal Service...
[[0;32m  OK  [0m] Listening on /dev/initctl Compatibility Named Pipe.
         Mounting Huge Pages File System...
[[0;32m  OK  [0m] Started Journal Service.
[[0;32m  OK  [0m] Started Load Kernel Modules.
[[0;32m  OK  [0m] Started Create list of required staâ€¦vice nodes for the current kernel.
[[0;32m  OK  [0m] Started Set the console keyboard layout.
[[0;32m  OK  [0m] Started Remount Root and Kernel File Systems.
[[0;32m  OK  [0m] Mounted POSIX Message Queue File System.
[[0;32m  OK  [0m] Started Uncomplicated firewall.
[[0;32m  OK  [0m] Mounted Kernel Debug File System.
[[0;32m  OK  [0m] Mounted Huge Pages File System.
[[0;32m  OK  [0m] Started udev Coldplug all Devices.
[[0;32m  OK  [0m] Started LVM2 metadata daemon.
         Starting Load/Save Random Seed...
         Starting Create Static Device Nodes in /dev...
         Mounting Kernel Configuration File System...
         Starting Apply Kernel Variables...
         Mounting FUSE Control File System...
         Starting Flush Journal to Persistent Storage...
[[0;32m  OK  [0m] Started Monitoring of LVM2 mirrors,â€¦sing dmeventd or progress polling.
[[0;32m  OK  [0m] Started Load/Save Random Seed.
[[0;32m  OK  [0m] Started Create Static Device Nodes in /dev.
[[0;32m  OK  [0m] Mounted Kernel Configuration File System.
[[0;32m  OK  [0m] Started Apply Kernel Variables.
[[0;32m  OK  [0m] Mounted FUSE Control File System.
         Starting udev Kernel Device Manager...
[[0;32m  OK  [0m] Reached target Local File Systems (Pre).
[[0;32m  OK  [0m] Reached target Local File Systems.
         Starting Set console font and keymap...
         Starting ebtables ruleset management...
         Starting Tell Plymouth To Write Out Runtime Data...
         Starting AppArmor initialization...
[[0;32m  OK  [0m] Started udev Kernel Device Manager.
[[0;32m  OK  [0m] Started Dispatch Password Requests to Console Directory Watch.
[[0;32m  OK  [0m] Reached target Local Encrypted Volumes.
[[0;32m  OK  [0m] Started Set console font and keymap.
[[0;32m  OK  [0m] Started Flush Journal to Persistent Storage.
[[0;32m  OK  [0m] Started Tell Plymouth To Write Out Runtime Data.
[[0;32m  OK  [0m] Found device /dev/ttyS0.
[[0;32m  OK  [0m] Started ebtables ruleset management.
[[0;32m  OK  [0m] Listening on Load/Save RF Kill Switch Status /dev/rfkill Watch.
         Starting Create Volatile Files and Directories...
[[0;32m  OK  [0m] Started AppArmor initialization.
[[0;32m  OK  [0m] Started Create Volatile Files and Directories.
         Starting Update UTMP about System Boot/Shutdown...
         Starting Initial cloud-init job (pre-networking)...
[[0;32m  OK  [0m] Started Update UTMP about System Boot/Shutdown.
[   18.755662] cloud-init[629]: Cloud-init v. 19.2-36-g059d049c-0ubuntu2~18.04.1 running 'init-local' at Mon, 16 Dec 2019 07:51:03 +0000. Up 18.51 seconds.
[[0;32m  OK  [0m] Started Initial cloud-init job (pre-networking).
[[0;32m  OK  [0m] Reached target Network (Pre).
         Starting Network Service...
[[0;32m  OK  [0m] Started Network Service.
         Starting Network Name Resolution...
         Starting Wait for Network to be Configured...
[[0;32m  OK  [0m] Started Network Name Resolution.
[[0;32m  OK  [0m] Reached target Network.
[[0;32m  OK  [0m] Reached target Host and Network Name Lookups.
[[0;32m  OK  [0m] Started Wait for Network to be Configured.
         Starting Initial cloud-init job (metadata service crawler)...
[   21.115353] cloud-init[755]: Cloud-init v. 19.2-36-g059d049c-0ubuntu2~18.04.1 running 'init' at Mon, 16 Dec 2019 07:51:05 +0000. Up 20.93 seconds.
[   21.140555] cloud-init[755]: ci-info: ++++++++++++++++++++++++++++++++++++++Net device info+++++++++++++++++++++++++++++++++++++++
[   21.142674] cloud-init[755]: ci-info: +--------+------+-----------------------------+---------------+--------+-------------------+
[   21.192117] cloud-init[755]: ci-info: | Device |  Up  |           Address           |      Mask     | Scope  |     Hw-Address    |
[[0;32m  OK  [0m] Started Initial cloud-init job (metadata service crawler).
[[0;32m  OK  [0m] Reached target Network is Online.
[   21.323062] cloud-init[755]: ci-info: +--------+------+-----------------------------+---------------+--------+-------------------+
         Starting Availability of block devices...
[[0;32m  OK  [0m] Reached target Remote File Systems (Pre).
[[0;32m  OK  [0m] Reached target Remote File Systems.
[[0;32m  OK  [0m] Reached target Cloud-config availability.
[[0;32m  OK  [0m] Reached target System Initialization.
[[0;32m  OK  [0m] Listening on D-Bus System Message Bus Socket.
[[0;32m  OK  [0m] Started Daily Cleanup of Temporary Directories.
[   21.646678] cloud-init[755]: ci-info: | enp0s3 | True |          10.0.2.15          | 255.255.255.0 | global | 02:98:c1:50:7a:e3 |
[   22.239845] cloud-init[755]: ci-info: | enp0s3 | True |  fe80::98:c1ff:fe50:7ae3/64 |       .       |  link  | 02:98:c1:50:7a:e3 |
[   22.317009] cloud-init[755]: ci-info: | enp0s8 | True |        192.168.33.10        | 255.255.255.0 | global | 08:00:27:21:ab:01 |
[   22.399046] cloud-init[755]: ci-info: | enp0s8 | True | fe80::a00:27ff:fe21:ab01/64 |       .       |  link  | 08:00:27:21:ab:01 |
[   22.516282] cloud-init[755]: ci-info: |   lo   | True |          127.0.0.1          |   255.0.0.0   |  host  |         .         |
[   22.623186] cloud-init[755]: ci-info: |   lo   | True |           ::1/128           |       .       |  host  |         .         |
[   22.812583] cloud-init[755]: ci-info: +--------+------+-----------------------------+---------------+--------+-------------------+
[[0;32m  OK  [0m] Started ACPI Events Check.
[[0;32m  OK  [0m] Reached target Paths.
[   22.918763] cloud-init[755]: ci-info: +++++++++++++++++++++++++++++Route IPv4 info+++++++++++++++++++++++++++++
         Starting LXD - unix socket.
[[0;32m  OK  [0m] Listening on ACPID Listen Socket.
[   23.164587] cloud-init[755]: ci-info: +-------+--------------+----------+-----------------+-----------+-------+
[   23.404662] cloud-init[755]: ci-info: | Route | Destination  | Gateway  |     Genmask     | Interface | Flags |
[   23.520375] cloud-init[755]: ci-info: +-------+--------------+----------+-----------------+-----------+-------+
[   23.636280] cloud-init[755]: ci-info: |   0   |   0.0.0.0    | 10.0.2.2 |     0.0.0.0     |   enp0s3  |   UG  |
[   23.740603] cloud-init[755]: ci-info: |   1   |   10.0.2.0   | 0.0.0.0  |  255.255.255.0  |   enp0s3  |   U   |
[   23.857574] cloud-init[755]: ci-info: |   2   |   10.0.2.2   | 0.0.0.0  | 255.255.255.255 |   enp0s3  |   UH  |
[   23.961088] cloud-init[755]: ci-info: |   3   | 192.168.33.0 | 0.0.0.0  |  255.255.255.0  |   enp0s8  |   U   |
[[0;32m  OK  [0m] Started Message of the Day.
[[0;32m  OK  [0m] Started Discard unused blocks once a week.
[[0;32m  OK  [0m] Listening on UUID daemon activation socket.
[[0;32m  OK  [0m] Listening on Open-iSCSI iscsid Socket.
         Starting Socket activation for snappy daemon.
[[0;32m  OK  [0m] Started Daily apt download activities.
[[0;32m  OK  [0m] Started Daily apt upgrade and clean activities.
[[0;32m  OK  [0m] Reached target Timers.
[   24.106707] cloud-init[755]: ci-info: +-------+--------------+----------+-----------------+-----------+-------+
[[0;32m  OK  [0m] Started Availability of block devices.
[[0;32m  OK  [0m] Listening on LXD - unix socket.
[[0;32m  OK  [0m] Listening on Socket activation for snappy daemon.
[[0;32m  OK  [0m] Reached target Sockets.
[[0;32m  OK  [0m] Reached target Basic System.
[   24.748731] cloud-init[755]: ci-info: +++++++++++++++++++Route IPv6 info+++++++++++++++++++
         Starting Virtualbox guest utils...
[   25.191263] cloud-init[755]: ci-info: +-------+-------------+---------+-----------+-------+
[[0;32m  OK  [0m] Started FUSE filesystem for LXC.
[   25.318428] cloud-init[755]: ci-info: | Route | Destination | Gateway | Interface | Flags |
         Starting Login Service...
[   25.466900] cloud-init[755]: ci-info: +-------+-------------+---------+-----------+-------+
[   25.509035] cloud-init[755]: ci-info: |   1   |  fe80::/64  |    ::   |   enp0s3  |   U   |
[[0;32m  OK  [0m] Started D-Bus System Message Bus.
[   25.534662] cloud-init[755]: ci-info: |   2   |  fe80::/64  |    ::   |   enp0s8  |   U   |
[[0;32m  OK  [0m] Started Login Service.
[   25.616160] cloud-init[755]: ci-info: |   4   |    local    |    ::   |   enp0s3  |   U   |
[[0;32m  OK  [0m] Started Regular background program processing daemon.
[   25.723147] cloud-init[755]: ci-info: |   5   |    local    |    ::   |   enp0s8  |   U   |
         Starting LSB: Record successful boot for GRUB...
[   25.760067] cloud-init[755]: ci-info: |   6   |   ff00::/8  |    ::   |   enp0s3  |   U   |
[   25.850744] cloud-init[755]: ci-info: |   7   |   ff00::/8  |    ::   |   enp0s8  |   U   |
[   25.852151] cloud-init[755]: ci-info: +-------+-------------+---------+-----------+-------+
         Starting Dispatcher daemon for systemd-networkd...
[[0;32m  OK  [0m] Started irqbalance daemon.
         Starting Accounts Service...
         Starting The Apache HTTP Server...
[[0;32m  OK  [0m] Started Unattended Upgrades Shutdown.
         Starting LSB: automatic crash report generation...
         Starting Message of the Day...
         Starting LXD - container startup/shutdown...
         Starting Discard unused blocks...
         Starting Snappy daemon...
         Starting Permit User Sessions...
         Starting OpenBSD Secure Shell server...
[[0;32m  OK  [0m] Started Deferred execution scheduler.
         Starting System Logging Service...
[[0;32m  OK  [0m] Started Dispatcher daemon for systemd-networkd.
[[0;32m  OK  [0m] Started The Apache HTTP Server.
[[0;32m  OK  [0m] Started LXD - container startup/shutdown.
[[0;32m  OK  [0m] Started Discard unused blocks.
[[0;32m  OK  [0m] Started Permit User Sessions.
[[0;32m  OK  [0m] Started OpenBSD Secure Shell server.
         Starting Authorization Manager...
         Starting Hold until boot process finishes up...
         Starting Terminate Plymouth Boot Screen...
[[0;32m  OK  [0m] Started System Logging Service.
[[0;32m  OK  [0m] Started Hold until boot process finishes up.
[[0;32m  OK  [0m] Started Terminate Plymouth Boot Screen.
[[0;32m  OK  [0m] Started LSB: automatic crash report generation.
         Starting Set console scheme...
[[0;32m  OK  [0m] Started Serial Getty on ttyS0.
[[0;32m  OK  [0m] Started Authorization Manager.
[[0;32m  OK  [0m] Started Accounts Service.
[[0;32m  OK  [0m] Started Set console scheme.
[[0;32m  OK  [0m] Created slice system-getty.slice.
[[0;32m  OK  [0m] Started Getty on tty1.
[[0;32m  OK  [0m] Reached target Login Prompts.
[[0;32m  OK  [0m] Started LSB: Record successful boot for GRUB.
[[0;32m  OK  [0m] Created slice User Slice of vagrant.
[[0;32m  OK  [0m] Started Snappy daemon.
[[0;32m  OK  [0m] Started Virtualbox guest utils.
         Starting User Manager for UID 1000...
         Starting Wait until snapd is fully seeded...
[[0;32m  OK  [0m] Started Session 1 of user vagrant.
[[0;32m  OK  [0m] Started Wait until snapd is fully seeded.
[[0;32m  OK  [0m] Started User Manager for UID 1000.
         Starting Apply the settings specified in cloud-config...
[[0;32m  OK  [0m] Reached target Multi-User System.
[[0;32m  OK  [0m] Reached target Graphical Interface.
         Starting Update UTMP about System Runlevel Changes...
[[0;32m  OK  [0m] Started Update UTMP about System Runlevel Changes.
[[0;32m  OK  [0m] Started Message of the Day.
[   27.877248] cloud-init[1362]: Cloud-init v. 19.2-36-g059d049c-0ubuntu2~18.04.1 running 'modules:config' at Mon, 16 Dec 2019 07:51:12 +0000. Up 27.70 seconds.
[[0;32m  OK  [0m] Started Apply the settings specified in cloud-config.
         Starting Execute cloud user/final scripts...
[   28.736653] cloud-init[1480]: Cloud-init v. 19.2-36-g059d049c-0ubuntu2~18.04.1 running 'modules:final' at Mon, 16 Dec 2019 07:51:13 +0000. Up 28.58 seconds.
[[   28.784767] cloud-init[1480]: Cloud-init v. 19.2-36-g059d049c-0ubuntu2~18.04.1 finished at Mon, 16 Dec 2019 07:51:13 +0000. Datasource DataSourceNoCloud [seed=/dev/sdb][dsmode=net].  Up 28.72 seconds
[0;32m  OK  [0m] Started Execute cloud user/final scripts.
[[0;32m  OK  [0m] Reached target Cloud-init target.
         Starting Daily apt download activities...

Ubuntu 18.04.3 LTS ubuntu-bionic ttyS0

ubuntu-bionic login: [  517.032509] aufs aufs_fill_super:912:mount[5717]: no arg
[  517.145179] overlayfs: missing 'lowerdir'
